type: object
properties:
    foo: { type: integer, examples: [1] }
    bar: { type: [string, 'null'], examples: [b] }
required:
    - bar
