type: object
properties:
    foo: { type: integer, examples: [1] }
    hey: { type: string, examples: [ho] }
    bar: { type: string, examples: [foo] }
required:
    - foo
    - bar
